This is pdfTeX, Version 3.141592653-2.6-1.40.28 (MiKTeX 25.12) (preloaded format=pdflatex 2026.8.20)  9 SEP 2026 12:22
entering extended mode
 restricted \write18 enabled.
 %&-line parsing enabled.
**./latent-diagnostics-pusht.tex
(latent-diagnostics-pusht.tex
LaTeX2e <2025-11-01>
L3 programming layer <2025-12-24>
(C:\Users\Mayaank\AppData\Local\Programs\MiKTeX\tex/latex/base\article.cls
Document Class: article 2025/01/22 v1.4n Standard LaTeX document class
(C:\Users\Mayaank\AppData\Local\Programs\MiKTeX\tex/latex/base\size11.clo
File: size11.clo 2025/01/22 v1.4n Standard LaTeX file (size option)
)
\c@part=\count275
\c@section=\count276
\c@subsection=\count277
\c@subsubsection=\count278
\c@paragraph=\count279
\c@subparagraph=\count280
\c@figure=\count281
\c@table=\count282
\abovecaptionskip=\skip49
\belowcaptionskip=\skip50
\bibindent=\dimen148
)
(C:\Users\Mayaank\AppData\Local\Programs\MiKTeX\tex/latex/geometry\geometry.sty
Package: geometry 2026/03/07 v6.0 Page Geometry
(C:\Users\Mayaank\AppData\Local\Programs\MiKTeX\tex/latex/graphics\keyval.sty
Package: keyval 2022/05/29 v1.15 key=value parser (DPC)
\KV@toks@=\toks17
)
(C:\Users\Mayaank\AppData\Local\Programs\MiKTeX\tex/generic/iftex\ifvtex.sty
Package: ifvtex 2019/10/25 v1.7 ifvtex legacy package. Use iftex instead.

(C:\Users\Mayaank\AppData\Local\Programs\MiKTeX\tex/generic/iftex\iftex.sty
Package: iftex 2024/12/12 v1.0g TeX engine tests
))
\Gm@cnth=\count283
\Gm@cntv=\count284
\c@Gm@tempcnt=\count285
\Gm@bindingoffset=\dimen149
\Gm@wd@mp=\dimen150
\Gm@odd@mp=\dimen151
\Gm@even@mp=\dimen152
\Gm@layoutwidth=\dimen153
\Gm@layoutheight=\dimen154
\Gm@layouthoffset=\dimen155
\Gm@layoutvoffset=\dimen156
\Gm@dimlist=\toks18

(C:\Users\Mayaank\AppData\Local\Programs\MiKTeX\tex/latex/geometry\geometry.cfg
)) (C:\Users\Mayaank\AppData\Local\Programs\MiKTeX\tex/latex/base\inputenc.sty
Package: inputenc 2024/02/08 v1.3d Input encoding file
\inpenc@prehook=\toks19
\inpenc@posthook=\toks20
) (C:\Users\Mayaank\AppData\Local\Programs\MiKTeX\tex/latex/base\fontenc.sty
Package: fontenc 2025/07/18 v2.1d Standard LaTeX package
)
(C:\Users\Mayaank\AppData\Local\Programs\MiKTeX\tex/latex/amsmath\amsmath.sty
Package: amsmath 2025/07/09 v2.17z AMS math features
\@mathmargin=\skip51

For additional information on amsmath, use the `?' option.
(C:\Users\Mayaank\AppData\Local\Programs\MiKTeX\tex/latex/amsmath\amstext.sty
Package: amstext 2024/11/17 v2.01 AMS text

(C:\Users\Mayaank\AppData\Local\Programs\MiKTeX\tex/latex/amsmath\amsgen.sty
File: amsgen.sty 1999/11/30 v2.0 generic functions
\@emptytoks=\toks21
\ex@=\dimen157
))
(C:\Users\Mayaank\AppData\Local\Programs\MiKTeX\tex/latex/amsmath\amsbsy.sty
Package: amsbsy 1999/11/29 v1.2d Bold Symbols
\pmbraise@=\dimen158
)
(C:\Users\Mayaank\AppData\Local\Programs\MiKTeX\tex/latex/amsmath\amsopn.sty
Package: amsopn 2022/04/08 v2.04 operator names
)
\inf@bad=\count286
LaTeX Info: Redefining \frac on input line 233.
\uproot@=\count287
\leftroot@=\count288
LaTeX Info: Redefining \overline on input line 398.
LaTeX Info: Redefining \colon on input line 409.
\classnum@=\count289
\DOTSCASE@=\count290
LaTeX Info: Redefining \ldots on input line 495.
LaTeX Info: Redefining \dots on input line 498.
LaTeX Info: Redefining \cdots on input line 619.
\Mathstrutbox@=\box53
\strutbox@=\box54
LaTeX Info: Redefining \big on input line 721.
LaTeX Info: Redefining \Big on input line 722.
LaTeX Info: Redefining \bigg on input line 723.
LaTeX Info: Redefining \Bigg on input line 724.
\big@size=\dimen159
LaTeX Font Info:    Redeclaring font encoding OML on input line 742.
LaTeX Font Info:    Redeclaring font encoding OMS on input line 743.
\macc@depth=\count291
LaTeX Info: Redefining \bmod on input line 904.
LaTeX Info: Redefining \pmod on input line 909.
LaTeX Info: Redefining \smash on input line 939.
LaTeX Info: Redefining \relbar on input line 969.
LaTeX Info: Redefining \Relbar on input line 970.
\c@MaxMatrixCols=\count292
\dotsspace@=\muskip17
\c@parentequation=\count293
\dspbrk@lvl=\count294
\tag@help=\toks22
\row@=\count295
\column@=\count296
\maxfields@=\count297
\andhelp@=\toks23
\eqnshift@=\dimen160
\alignsep@=\dimen161
\tagshift@=\dimen162
\tagwidth@=\dimen163
\totwidth@=\dimen164
\lineht@=\dimen165
\@envbody=\toks24
\multlinegap=\skip52
\multlinetaggap=\skip53
\mathdisplay@stack=\toks25
LaTeX Info: Redefining \[ on input line 2950.
LaTeX Info: Redefining \] on input line 2951.
)
(C:\Users\Mayaank\AppData\Local\Programs\MiKTeX\tex/latex/amsfonts\amssymb.sty
Package: amssymb 2013/01/14 v3.01 AMS font symbols

(C:\Users\Mayaank\AppData\Local\Programs\MiKTeX\tex/latex/amsfonts\amsfonts.sty
Package: amsfonts 2013/01/14 v3.01 Basic AMSFonts support
\symAMSa=\mathgroup4
\symAMSb=\mathgroup5
LaTeX Font Info:    Redeclaring math symbol \hbar on input line 98.
LaTeX Font Info:    Overwriting math alphabet `\mathfrak' in version `bold'
(Font)                  U/euf/m/n --> U/euf/b/n on input line 106.
))
(C:\Users\Mayaank\AppData\Local\Programs\MiKTeX\tex/latex/booktabs\booktabs.sty
Package: booktabs 2020/01/12 v1.61803398 Publication quality tables
\heavyrulewidth=\dimen166
\lightrulewidth=\dimen167
\cmidrulewidth=\dimen168
\belowrulesep=\dimen169
\belowbottomsep=\dimen170
\aboverulesep=\dimen171
\abovetopsep=\dimen172
\cmidrulesep=\dimen173
\cmidrulekern=\dimen174
\defaultaddspace=\dimen175
\@cmidla=\count298
\@cmidlb=\count299
\@aboverulesep=\dimen176
\@belowrulesep=\dimen177
\@thisruleclass=\count300
\@lastruleclass=\count301
\@thisrulewidth=\dimen178
) (C:\Users\Mayaank\AppData\Local\Programs\MiKTeX\tex/latex/tools\array.sty
Package: array 2025/09/25 v2.6n Tabular extension package (FMi)
\col@sep=\dimen179
\ar@mcellbox=\box55
\extrarowheight=\dimen180
\NC@list=\toks26
\extratabsurround=\skip54
\backup@length=\skip55
\ar@cellbox=\box56
)
(C:\Users\Mayaank\AppData\Local\Programs\MiKTeX\tex/latex/graphics\graphicx.sty
Package: graphicx 2024/12/31 v1.2e Enhanced LaTeX Graphics (DPC,SPQR)

(C:\Users\Mayaank\AppData\Local\Programs\MiKTeX\tex/latex/graphics\graphics.sty
Package: graphics 2024/08/06 v1.4g Standard LaTeX Graphics (DPC,SPQR)
(C:\Users\Mayaank\AppData\Local\Programs\MiKTeX\tex/latex/graphics\trig.sty
Package: trig 2023/12/02 v1.11 sin cos tan (DPC)
)
(C:\Users\Mayaank\AppData\Local\Programs\MiKTeX\tex/latex/graphics-cfg\graphics
.cfg
File: graphics.cfg 2016/06/04 v1.11 sample graphics configuration
)
Package graphics Info: Driver file: pdftex.def on input line 106.

(C:\Users\Mayaank\AppData\Local\Programs\MiKTeX\tex/latex/graphics-def\pdftex.d
ef
File: pdftex.def 2025/09/29 v1.2d Graphics/color driver for pdftex
))
\Gin@req@height=\dimen181
\Gin@req@width=\dimen182
)
(C:\Users\Mayaank\AppData\Local\Programs\MiKTeX\tex/latex/xcolor\xcolor.sty
Package: xcolor 2024/09/29 v3.02 LaTeX color extensions (UK)

(C:\Users\Mayaank\AppData\Local\Programs\MiKTeX\tex/latex/graphics-cfg\color.cf
g
File: color.cfg 2016/01/02 v1.6 sample color configuration
)
Package xcolor Info: Driver file: pdftex.def on input line 274.

(C:\Users\Mayaank\AppData\Local\Programs\MiKTeX\tex/latex/graphics\mathcolor.lt
x)
Package xcolor Info: Model `cmy' substituted by `cmy0' on input line 1349.
Package xcolor Info: Model `hsb' substituted by `rgb' on input line 1353.
Package xcolor Info: Model `RGB' extended on input line 1365.
Package xcolor Info: Model `HTML' substituted by `rgb' on input line 1367.
Package xcolor Info: Model `Hsb' substituted by `hsb' on input line 1368.
Package xcolor Info: Model `tHsb' substituted by `hsb' on input line 1369.
Package xcolor Info: Model `HSB' substituted by `hsb' on input line 1370.
Package xcolor Info: Model `Gray' substituted by `gray' on input line 1371.
Package xcolor Info: Model `wave' substituted by `hsb' on input line 1372.
)
(C:\Users\Mayaank\AppData\Local\Programs\MiKTeX\tex/latex/enumitem\enumitem.sty
Package: enumitem 2025/02/06 v3.11 Customized lists
\labelindent=\skip56
\enit@outerparindent=\dimen183
\enit@toks=\toks27
\enit@inbox=\box57
\enit@count@id=\count302
\enitdp@description=\count303
) (C:\Users\Mayaank\AppData\Local\Programs\MiKTeX\tex/latex/caption\caption.sty
Package: caption 2023/08/05 v3.6o Customizing captions (AR)
(C:\Users\Mayaank\AppData\Local\Programs\MiKTeX\tex/latex/caption\caption3.sty
Package: caption3 2023/07/31 v2.4d caption3 kernel (AR)
\caption@tempdima=\dimen184
\captionmargin=\dimen185
\caption@leftmargin=\dimen186
\caption@rightmargin=\dimen187
\caption@width=\dimen188
\caption@indent=\dimen189
\caption@parindent=\dimen190
\caption@hangindent=\dimen191
Package caption Info: Standard document class detected.
)
\c@caption@flags=\count304
\c@continuedfloat=\count305
) (C:\Users\Mayaank\AppData\Local\Programs\MiKTeX\tex/latex/tools\longtable.sty
Package: longtable 2025-10-13 v4.24 Multi-page Table package (DPC)
\LTleft=\skip57
\LTright=\skip58
\LTpre=\skip59
\LTpost=\skip60
\LTchunksize=\count306
\LTcapwidth=\dimen192
\LT@head=\box58
\LT@firsthead=\box59
\LT@foot=\box60
\LT@lastfoot=\box61
\LT@gbox=\box62
\LT@cols=\count307
\LT@rows=\count308
\c@LT@tables=\count309
\c@LT@chunks=\count310
\LT@p@ftn=\toks28
) (C:\Users\Mayaank\AppData\Local\Programs\MiKTeX\tex/latex/float\float.sty
Package: float 2001/11/08 v1.3d Float enhancements (AL)
\c@float@type=\count311
\float@exts=\toks29
\float@box=\box63
\@float@everytoks=\toks30
\@floatcapt=\box64
)
(C:\Users\Mayaank\AppData\Local\Programs\MiKTeX\tex/latex/algorithms\algorithm.
sty
Package: algorithm 2009/08/24 v0.1 Document Style `algorithm' - floating enviro
nment
 (C:\Users\Mayaank\AppData\Local\Programs\MiKTeX\tex/latex/base\ifthen.sty
Package: ifthen 2024/03/16 v1.1e Standard LaTeX ifthen package (DPC)
)
\@float@every@algorithm=\toks31
\c@algorithm=\count312
)
(C:\Users\Mayaank\AppData\Local\Programs\MiKTeX\tex/latex/algorithmicx\algpseud
ocode.sty
Package: algpseudocode 

(C:\Users\Mayaank\AppData\Local\Programs\MiKTeX\tex/latex/algorithmicx\algorith
micx.sty
Package: algorithmicx 2005/04/27 v1.2 Algorithmicx

Document Style algorithmicx 1.2 - a greatly improved `algorithmic' style
\c@ALG@line=\count313
\c@ALG@rem=\count314
\c@ALG@nested=\count315
\ALG@tlm=\skip61
\ALG@thistlm=\skip62
\c@ALG@Lnr=\count316
\c@ALG@blocknr=\count317
\c@ALG@storecount=\count318
\c@ALG@tmpcounter=\count319
\ALG@tmplength=\skip63
)
Document Style - pseudocode environments for use with the `algorithmicx' style
)
(C:\Users\Mayaank\AppData\Local\Programs\MiKTeX\tex/latex/hyperref\hyperref.sty
Package: hyperref 2025-07-12 v7.01o Hypertext links for LaTeX

(C:\Users\Mayaank\AppData\Local\Programs\MiKTeX\tex/latex/kvsetkeys\kvsetkeys.s
ty
Package: kvsetkeys 2022-10-05 v1.19 Key value parser (HO)
)
(C:\Users\Mayaank\AppData\Local\Programs\MiKTeX\tex/generic/kvdefinekeys\kvdefi
nekeys.sty
Package: kvdefinekeys 2019-12-19 v1.6 Define keys (HO)
)
(C:\Users\Mayaank\AppData\Local\Programs\MiKTeX\tex/generic/pdfescape\pdfescape
.sty
Package: pdfescape 2019/12/09 v1.15 Implements pdfTeX's escape features (HO)

(C:\Users\Mayaank\AppData\Local\Programs\MiKTeX\tex/generic/ltxcmds\ltxcmds.sty
Package: ltxcmds 2023-12-04 v1.26 LaTeX kernel commands for general use (HO)
)
(C:\Users\Mayaank\AppData\Local\Programs\MiKTeX\tex/generic/pdftexcmds\pdftexcm
ds.sty
Package: pdftexcmds 2020-06-27 v0.33 Utility functions of pdfTeX for LuaTeX (HO
)

(C:\Users\Mayaank\AppData\Local\Programs\MiKTeX\tex/generic/infwarerr\infwarerr
.sty
Package: infwarerr 2019/12/03 v1.5 Providing info/warning/error messages (HO)
)
Package pdftexcmds Info: \pdf@primitive is available.
Package pdftexcmds Info: \pdf@ifprimitive is available.
Package pdftexcmds Info: \pdfdraftmode found.
))
(C:\Users\Mayaank\AppData\Local\Programs\MiKTeX\tex/latex/hycolor\hycolor.sty
Package: hycolor 2020-01-27 v1.10 Color options for hyperref/bookmark (HO)
)
(C:\Users\Mayaank\AppData\Local\Programs\MiKTeX\tex/latex/hyperref\nameref.sty
Package: nameref 2025-06-21 v2.57 Cross-referencing by name of section

(C:\Users\Mayaank\AppData\Local\Programs\MiKTeX\tex/latex/refcount\refcount.sty
Package: refcount 2019/12/15 v3.6 Data extraction from label references (HO)
)
(C:\Users\Mayaank\AppData\Local\Programs\MiKTeX\tex/generic/gettitlestring\gett
itlestring.sty
Package: gettitlestring 2019/12/15 v1.6 Cleanup title references (HO)

(C:\Users\Mayaank\AppData\Local\Programs\MiKTeX\tex/latex/kvoptions\kvoptions.s
ty
Package: kvoptions 2022-06-15 v3.15 Key value format for package options (HO)
))
\c@section@level=\count320
)
(C:\Users\Mayaank\AppData\Local\Programs\MiKTeX\tex/latex/etoolbox\etoolbox.sty
Package: etoolbox 2025/10/02 v2.5m e-TeX tools for LaTeX (JAW)
\etb@tempcnta=\count321
)
(C:\Users\Mayaank\AppData\Local\Programs\MiKTeX\tex/generic/stringenc\stringenc
.sty
Package: stringenc 2019/11/29 v1.12 Convert strings between diff. encodings (HO
)
)
\@linkdim=\dimen193
\Hy@linkcounter=\count322
\Hy@pagecounter=\count323

(C:\Users\Mayaank\AppData\Local\Programs\MiKTeX\tex/latex/hyperref\pd1enc.def
File: pd1enc.def 2025-07-12 v7.01o Hyperref: PDFDocEncoding definition (HO)
Now handling font encoding PD1 ...
... no UTF-8 mapping file for font encoding PD1
)
(C:\Users\Mayaank\AppData\Local\Programs\MiKTeX\tex/generic/intcalc\intcalc.sty
Package: intcalc 2019/12/15 v1.3 Expandable calculations with integers (HO)
)
\Hy@SavedSpaceFactor=\count324
 (C:\Users\Mayaank\AppData\Local\Programs\MiKTeX\tex/latex/hyperref\puenc.def
File: puenc.def 2025-07-12 v7.01o Hyperref: PDF Unicode definition (HO)
Now handling font encoding PU ...
... no UTF-8 mapping file for font encoding PU
)
Package hyperref Info: Option `colorlinks' set `false' on input line 4066.
Package hyperref Info: Hyper figures OFF on input line 4195.
Package hyperref Info: Link nesting OFF on input line 4200.
Package hyperref Info: Hyper index ON on input line 4203.
Package hyperref Info: Plain pages OFF on input line 4210.
Package hyperref Info: Backreferencing OFF on input line 4215.
Package hyperref Info: Implicit mode ON; LaTeX internals redefined.
Package hyperref Info: Bookmarks ON on input line 4462.
\c@Hy@tempcnt=\count325
(C:\Users\Mayaank\AppData\Local\Programs\MiKTeX\tex/latex/url\url.sty
\Urlmuskip=\muskip18
Package: url 2013/09/16  ver 3.4  Verb mode for urls, etc.
)
LaTeX Info: Redefining \url on input line 4801.
\XeTeXLinkMargin=\dimen194

(C:\Users\Mayaank\AppData\Local\Programs\MiKTeX\tex/generic/bitset\bitset.sty
Package: bitset 2019/12/09 v1.3 Handle bit-vector datatype (HO)

(C:\Users\Mayaank\AppData\Local\Programs\MiKTeX\tex/generic/bigintcalc\bigintca
lc.sty
Package: bigintcalc 2019/12/15 v1.5 Expandable calculations on big integers (HO
)
))
\Fld@menulength=\count326
\Field@Width=\dimen195
\Fld@charsize=\dimen196
Package hyperref Info: Hyper figures OFF on input line 6078.
Package hyperref Info: Link nesting OFF on input line 6083.
Package hyperref Info: Hyper index ON on input line 6086.
Package hyperref Info: backreferencing OFF on input line 6093.
Package hyperref Info: Link coloring OFF on input line 6098.
Package hyperref Info: Link coloring with OCG OFF on input line 6103.
Package hyperref Info: PDF/A mode OFF on input line 6108.
\Hy@abspage=\count327
\c@Item=\count328
\c@Hfootnote=\count329
)
Package hyperref Info: Driver (autodetected): hpdftex.

(C:\Users\Mayaank\AppData\Local\Programs\MiKTeX\tex/latex/hyperref\hpdftex.def
File: hpdftex.def 2025-07-12 v7.01o Hyperref driver for pdfTeX
\Fld@listcount=\count330
\c@bookmark@seq@number=\count331

(C:\Users\Mayaank\AppData\Local\Programs\MiKTeX\tex/latex/rerunfilecheck\rerunf
ilecheck.sty
Package: rerunfilecheck 2025-06-21 v1.11 Rerun checks for auxiliary files (HO)

(C:\Users\Mayaank\AppData\Local\Programs\MiKTeX\tex/generic/uniquecounter\uniqu
ecounter.sty
Package: uniquecounter 2019/12/15 v1.4 Provide unlimited unique counter (HO)
)
Package uniquecounter Info: New unique counter `rerunfilecheck' on input line 2
84.
)
\Hy@SectionHShift=\skip64
)
(C:\Users\Mayaank\AppData\Local\Programs\MiKTeX\tex/latex/cleveref\cleveref.sty
Package: cleveref 2018/03/27 v0.21.4 Intelligent cross-referencing
Package cleveref Info: `hyperref' support loaded on input line 2370.
LaTeX Info: Redefining \cref on input line 2370.
LaTeX Info: Redefining \Cref on input line 2370.
LaTeX Info: Redefining \crefrange on input line 2370.
LaTeX Info: Redefining \Crefrange on input line 2370.
LaTeX Info: Redefining \cpageref on input line 2370.
LaTeX Info: Redefining \Cpageref on input line 2370.
LaTeX Info: Redefining \cpagerefrange on input line 2370.
LaTeX Info: Redefining \Cpagerefrange on input line 2370.
LaTeX Info: Redefining \labelcref on input line 2370.
LaTeX Info: Redefining \labelcpageref on input line 2370.
Package cleveref Info: `algorithmicx' support loaded on input line 3120.
Package cleveref Info: always capitalise cross-reference names on input line 78
25.
Package cleveref Info: no abbreviation of names on input line 7852.
Package cleveref Info: always capitalise cross-reference names on input line 78
52.
)
==> First Aid for cleveref.sty applied!

(C:\Users\Mayaank\AppData\Local\Programs\MiKTeX\tex/latex/l3backend\l3backend-p
dftex.def
File: l3backend-pdftex.def 2025-10-09 L3 backend support: PDF output (pdfTeX)
\l__color_backend_stack_int=\count332
) (latent-diagnostics-pusht.aux)
\openout1 = `latent-diagnostics-pusht.aux'.

LaTeX Font Info:    Checking defaults for OML/cmm/m/it on input line 39.
LaTeX Font Info:    ... okay on input line 39.
LaTeX Font Info:    Checking defaults for OMS/cmsy/m/n on input line 39.
LaTeX Font Info:    ... okay on input line 39.
LaTeX Font Info:    Checking defaults for OT1/cmr/m/n on input line 39.
LaTeX Font Info:    ... okay on input line 39.
LaTeX Font Info:    Checking defaults for T1/cmr/m/n on input line 39.
LaTeX Font Info:    ... okay on input line 39.
LaTeX Font Info:    Checking defaults for TS1/cmr/m/n on input line 39.
LaTeX Font Info:    ... okay on input line 39.
LaTeX Font Info:    Checking defaults for OMX/cmex/m/n on input line 39.
LaTeX Font Info:    ... okay on input line 39.
LaTeX Font Info:    Checking defaults for U/cmr/m/n on input line 39.
LaTeX Font Info:    ... okay on input line 39.
LaTeX Font Info:    Checking defaults for PD1/pdf/m/n on input line 39.
LaTeX Font Info:    ... okay on input line 39.
LaTeX Font Info:    Checking defaults for PU/pdf/m/n on input line 39.
LaTeX Font Info:    ... okay on input line 39.

*geometry* driver: auto-detecting
*geometry* detected driver: pdftex
*geometry* verbose mode - [ preamble ] result:
* driver: pdftex
* paper: <default>
* layout: <same size as paper>
* layoutoffset:(h,v)=(0.0pt,0.0pt)
* modes: 
* h-part:(L,W,R)=(72.26999pt, 469.75502pt, 72.26999pt)
* v-part:(T,H,B)=(72.26999pt, 650.43001pt, 72.26999pt)
* \paperwidth=614.295pt
* \paperheight=794.96999pt
* \textwidth=469.75502pt
* \textheight=650.43001pt
* \oddsidemargin=0.0pt
* \evensidemargin=0.0pt
* \topmargin=-37.0pt
* \headheight=12.0pt
* \headsep=25.0pt
* \topskip=11.0pt
* \footskip=30.0pt
* \marginparwidth=59.0pt
* \marginparsep=10.0pt
* \columnsep=10.0pt
* \skip\footins=10.0pt plus 4.0pt minus 2.0pt
* \hoffset=0.0pt
* \voffset=0.0pt
* \mag=1000
* \@twocolumnfalse
* \@twosidefalse
* \@mparswitchfalse
* \@reversemarginfalse
* (1in=72.27pt=25.4mm, 1cm=28.453pt)


(C:\Users\Mayaank\AppData\Local\Programs\MiKTeX\tex/context/base/mkii\supp-pdf.
mkii
[Loading MPS to PDF converter (version 2006.09.02).]
\scratchcounter=\count333
\scratchdimen=\dimen197
\scratchbox=\box65
\nofMPsegments=\count334
\nofMParguments=\count335
\everyMPshowfont=\toks32
\MPscratchCnt=\count336
\MPscratchDim=\dimen198
\MPnumerator=\count337
\makeMPintoPDFobject=\count338
\everyMPtoPDFconversion=\toks33
)
(C:\Users\Mayaank\AppData\Local\Programs\MiKTeX\tex/latex/epstopdf-pkg\epstopdf
-base.sty
Package: epstopdf-base 2020-01-24 v2.11 Base part for package epstopdf

(C:\Users\Mayaank\AppData\Local\Programs\MiKTeX\tex/latex/grfext\grfext.sty
Package: grfext 2019/12/03 v1.3 Manage graphics extensions (HO)
)
Package epstopdf-base Info: Redefining graphics rule for `.eps' on input line 4
85.
Package grfext Info: Graphics extension search list:
(grfext)             [.pdf,.png,.jpg,.mps,.jpeg,.jbig2,.jb2,.PDF,.PNG,.JPG,.JPE
G,.JBIG2,.JB2,.eps]
(grfext)             \AppendGraphicsExtensions on input line 504.

(C:\Users\Mayaank\AppData\Local\Programs\MiKTeX\tex/latex/00miktex\epstopdf-sys
.cfg
File: epstopdf-sys.cfg 2021/03/18 v2.0 Configuration of epstopdf for MiKTeX
))
Package caption Info: Begin \AtBeginDocument code.
Package caption Info: float package is loaded.
Package caption Info: hyperref package is loaded.
Package caption Info: longtable package is loaded.

(C:\Users\Mayaank\AppData\Local\Programs\MiKTeX\tex/latex/caption\ltcaption.sty
Package: ltcaption 2021/01/08 v1.4c longtable captions (AR)
)
Package caption Info: End \AtBeginDocument code.
Package hyperref Info: Link coloring OFF on input line 39.
 (latent-diagnostics-pusht.out) (latent-diagnostics-pusht.out)
\@outlinefile=\write3
\openout3 = `latent-diagnostics-pusht.out'.

LaTeX Font Info:    Trying to load font information for U+msa on input line 41.


(C:\Users\Mayaank\AppData\Local\Programs\MiKTeX\tex/latex/amsfonts\umsa.fd
File: umsa.fd 2013/01/14 v3.01 AMS symbols A
)
LaTeX Font Info:    Trying to load font information for U+msb on input line 41.


(C:\Users\Mayaank\AppData\Local\Programs\MiKTeX\tex/latex/amsfonts\umsb.fd
File: umsb.fd 2013/01/14 v3.01 AMS symbols B
)
<figures/pusht_adjacent_vs_random.png, id=94, 433.62pt x 289.08pt>
File: figures/pusht_adjacent_vs_random.png Graphic file (type png)
<use figures/pusht_adjacent_vs_random.png>
Package pdftex.def Info: figures/pusht_adjacent_vs_random.png  used on input li
ne 58.
(pdftex.def)             Requested size: 352.31625pt x 234.89014pt.
<figures/pusht_random_vs_theoretical.png, id=96, 433.62pt x 289.08pt>
File: figures/pusht_random_vs_theoretical.png Graphic file (type png)
<use figures/pusht_random_vs_theoretical.png>
Package pdftex.def Info: figures/pusht_random_vs_theoretical.png  used on input
 line 70.
(pdftex.def)             Requested size: 352.31625pt x 234.89014pt.

[1

{C:/Users/Mayaank/AppData/Local/MiKTeX/fonts/map/pdftex/pdftex.map} <./figures/
pusht_adjacent_vs_random.png>]
<figures/pusht_predictor_error_by_history.png, id=116, 433.62pt x 289.08pt>
File: figures/pusht_predictor_error_by_history.png Graphic file (type png)
<use figures/pusht_predictor_error_by_history.png>
Package pdftex.def Info: figures/pusht_predictor_error_by_history.png  used on 
input line 113.
(pdftex.def)             Requested size: 352.31625pt x 234.89014pt.
 [2 <./figures/pusht_random_vs_theoretical.png>]
<figures/pusht_predictor_ratio_by_history.png, id=129, 433.62pt x 289.08pt>
File: figures/pusht_predictor_ratio_by_history.png Graphic file (type png)
<use figures/pusht_predictor_ratio_by_history.png>
Package pdftex.def Info: figures/pusht_predictor_ratio_by_history.png  used on 
input line 130.
(pdftex.def)             Requested size: 352.31625pt x 234.89014pt.
 [3 <./figures/pusht_predictor_error_by_history.png>]
<figures/pusht_predictor_direction_agreement.png, id=135, 433.62pt x 289.08pt>
File: figures/pusht_predictor_direction_agreement.png Graphic file (type png)
<use figures/pusht_predictor_direction_agreement.png>
Package pdftex.def Info: figures/pusht_predictor_direction_agreement.png  used 
on input line 145.
(pdftex.def)             Requested size: 352.31625pt x 234.89014pt.
 [4 <./figures/pusht_predictor_ratio_by_history.png>]
<figures/pusht_splice_vs_ground_truth.png, id=146, 433.62pt x 289.08pt>
File: figures/pusht_splice_vs_ground_truth.png Graphic file (type png)
<use figures/pusht_splice_vs_ground_truth.png>
Package pdftex.def Info: figures/pusht_splice_vs_ground_truth.png  used on inpu
t line 168.
(pdftex.def)             Requested size: 352.31625pt x 234.89014pt.
 [5 <./figures/pusht_predictor_direction_agreement.png>]
<figures/pusht_pca_spectrum.png, id=162, 433.62pt x 289.08pt>
File: figures/pusht_pca_spectrum.png Graphic file (type png)
<use figures/pusht_pca_spectrum.png>
Package pdftex.def Info: figures/pusht_pca_spectrum.png  used on input line 196
.
(pdftex.def)             Requested size: 352.31625pt x 234.89014pt.
 [6 <./figures/pusht_splice_vs_ground_truth.png>]
<figures/pusht_idm_variance_comparison.png, id=169, 433.62pt x 289.08pt>
File: figures/pusht_idm_variance_comparison.png Graphic file (type png)
<use figures/pusht_idm_variance_comparison.png>
Package pdftex.def Info: figures/pusht_idm_variance_comparison.png  used on inp
ut line 207.
(pdftex.def)             Requested size: 352.31625pt x 234.89014pt.
 [7 <./figures/pusht_pca_spectrum.png>]
<figures/pusht_cosine_similarity.png, id=179, 433.62pt x 289.08pt>
File: figures/pusht_cosine_similarity.png Graphic file (type png)
<use figures/pusht_cosine_similarity.png>
Package pdftex.def Info: figures/pusht_cosine_similarity.png  used on input lin
e 220.
(pdftex.def)             Requested size: 352.31625pt x 234.89014pt.
 [8 <./figures/pusht_idm_variance_comparison.png>]
Overfull \hbox (26.76265pt too wide) in paragraph at lines 250--260
[]\T1/cmr/bx/n/10.95 Practical im-pli-ca-tion for any fu-ture Push-T work on th
e E2 line \T1/cmr/m/n/10.95 (\T1/cmtt/m/n/10.95 predictor-stitching.tex\T1/cmr/
m/n/10.95 ):
 []

[9 <./figures/pusht_cosine_similarity.png>]
<figures/pusht1step_predictor_ratio_by_history.png, id=203, 433.62pt x 289.08pt
>
File: figures/pusht1step_predictor_ratio_by_history.png Graphic file (type png)

<use figures/pusht1step_predictor_ratio_by_history.png>
Package pdftex.def Info: figures/pusht1step_predictor_ratio_by_history.png  use
d on input line 285.
(pdftex.def)             Requested size: 352.31625pt x 234.89014pt.
<figures/pusht1step_predictor_direction_agreement.png, id=206, 433.62pt x 289.0
8pt>
File: figures/pusht1step_predictor_direction_agreement.png Graphic file (type p
ng)
<use figures/pusht1step_predictor_direction_agreement.png>
Package pdftex.def Info: figures/pusht1step_predictor_direction_agreement.png  
used on input line 297.
(pdftex.def)             Requested size: 352.31625pt x 234.89014pt.
 [10 <./figures/pusht1step_predictor_ratio_by_history.png>]
<figures/pusht1step_predictor_error_train_vs_test.png, id=213, 433.62pt x 289.0
8pt>
File: figures/pusht1step_predictor_error_train_vs_test.png Graphic file (type p
ng)
<use figures/pusht1step_predictor_error_train_vs_test.png>
Package pdftex.def Info: figures/pusht1step_predictor_error_train_vs_test.png  
used on input line 309.
(pdftex.def)             Requested size: 352.31625pt x 234.89014pt.
 [11 <./figures/pusht1step_predictor_direction_agreement.png>]
<figures/pusht1step_splice_vs_ground_truth.png, id=222, 433.62pt x 289.08pt>
File: figures/pusht1step_splice_vs_ground_truth.png Graphic file (type png)
<use figures/pusht1step_splice_vs_ground_truth.png>
Package pdftex.def Info: figures/pusht1step_splice_vs_ground_truth.png  used on
 input line 326.
(pdftex.def)             Requested size: 352.31625pt x 234.89014pt.
 [12 <./figures/pusht1step_predictor_error_train_vs_test.png>]
<figures/pusht1step_idm_variance_comparison.png, id=234, 433.62pt x 289.08pt>
File: figures/pusht1step_idm_variance_comparison.png Graphic file (type png)
<use figures/pusht1step_idm_variance_comparison.png>
Package pdftex.def Info: figures/pusht1step_idm_variance_comparison.png  used o
n input line 347.
(pdftex.def)             Requested size: 352.31625pt x 234.89014pt.
 [13 <./figures/pusht1step_splice_vs_ground_truth.png>]
<figures/pusht1step_splice_distance_filtered.png, id=243, 433.62pt x 289.08pt>
File: figures/pusht1step_splice_distance_filtered.png Graphic file (type png)
<use figures/pusht1step_splice_distance_filtered.png>
Package pdftex.def Info: figures/pusht1step_splice_distance_filtered.png  used 
on input line 359.
(pdftex.def)             Requested size: 352.31625pt x 234.89014pt.
 [14 <./figures/pusht1step_idm_variance_comparison.png>] [15 <./figures/pusht1s
tep_splice_distance_filtered.png>]
[16]
<figures/pusht_expert30_idmvar_vs_error.png, id=272, 505.89pt x 361.35pt>
File: figures/pusht_expert30_idmvar_vs_error.png Graphic file (type png)
<use figures/pusht_expert30_idmvar_vs_error.png>
Package pdftex.def Info: figures/pusht_expert30_idmvar_vs_error.png  used on in
put line 458.
(pdftex.def)             Requested size: 352.31625pt x 251.65857pt.
<figures/pusht_expert30_classifier_vs_error.png, id=273, 505.89pt x 361.35pt>
File: figures/pusht_expert30_classifier_vs_error.png Graphic file (type png)
<use figures/pusht_expert30_classifier_vs_error.png>
Package pdftex.def Info: figures/pusht_expert30_classifier_vs_error.png  used o
n input line 483.
(pdftex.def)             Requested size: 352.31625pt x 251.65857pt.
 [17 <./figures/pusht_expert30_idmvar_vs_error.png>] [18 <./figures/pusht_exper
t30_classifier_vs_error.png>] [19] [20]
LaTeX Font Info:    Font shape `T1/cmtt/bx/n' in size <10.95> not available
(Font)              Font shape `T1/cmtt/m/n' tried instead on input line 651.

Overfull \hbox (61.85289pt too wide) in paragraph at lines 704--711
\T1/cmr/bx/n/10.95 Experiment per-formed: \T1/cmr/m/n/10.95 Loaded the full-sca
le $\OT1/cmr/m/n/10.95 87\OML/cmm/m/it/10.95 :\OT1/cmr/m/n/10.95 7%$\T1/cmr/m/n
/10.95 -reduction IDM en-sem-ble (\T1/cmtt/m/n/10.95 idm_fullscale_ensemble.pt\
T1/cmr/m/n/10.95 ).
 []

[21]
Overfull \hbox (26.08153pt too wide) in paragraph at lines 721--732
 [][] 
 []

<figures/pusht_env_verify_regimes.png, id=317, 794.97pt x 325.215pt>
File: figures/pusht_env_verify_regimes.png Graphic file (type png)
<use figures/pusht_env_verify_regimes.png>
Package pdftex.def Info: figures/pusht_env_verify_regimes.png  used on input li
ne 755.
(pdftex.def)             Requested size: 432.17375pt x 176.80444pt.
[22]
Overfull \hbox (39.46408pt too wide) in paragraph at lines 766--776
 [][] 
 []

[23 <./figures/pusht_env_verify_regimes.png>]
<figures/pusht_env_verify_scatter.png, id=338, 469.755pt x 325.215pt>
File: figures/pusht_env_verify_scatter.png Graphic file (type png)
<use figures/pusht_env_verify_scatter.png>
Package pdftex.def Info: figures/pusht_env_verify_scatter.png  used on input li
ne 826.
(pdftex.def)             Requested size: 338.22418pt x 234.15462pt.
 [24 <./figures/pusht_env_verify_scatter.png>]
Underfull \hbox (badness 4621) in paragraph at lines 860--860
[]\T1/cmr/bx/n/14.4 General Method-ol-ogy for Un-known En-vi-ron-ments: Self-
 []

[25] [26]
Package hyperref Info: bookmark level for unknown algorithm defaults to 0 on in
put line 975.
 [27] [28] [29] (latent-diagnostics-pusht.aux)
 ***********
LaTeX2e <2025-11-01>
L3 programming layer <2025-12-24>
 ***********
Package rerunfilecheck Info: File `latent-diagnostics-pusht.out' has not change
d.
(rerunfilecheck)             Checksum: 528D75B5F557274C25800DA3C19E213F;7224.
 ) 
Here is how much of TeX's memory you used:
 15576 strings out of 467871
 262041 string characters out of 5417408
 715300 words of memory out of 5000000
 44110 multiletter control sequences out of 15000+600000
 655167 words of font info for 108 fonts, out of 8000000 for 9000
 1141 hyphenation exceptions out of 8191
 75i,15n,79p,2165b,607s stack positions out of 10000i,1000n,20000p,200000b,200000s
 <C:\Users\Mayaank\AppData\Local\MiKTeX\fonts/pk/ljfour/jknappen/ec/dpi600\ec
rm0500.pk> <C:\Users\Mayaank\AppData\Local\MiKTeX\fonts/pk/ljfour/jknappen/ec/d
pi600\ecrm0700.pk> <C:\Users\Mayaank\AppData\Local\MiKTeX\fonts/pk/ljfour/jknap
pen/ec/dpi600\ecrm0800.pk> <C:\Users\Mayaank\AppData\Local\MiKTeX\fonts/pk/ljfo
ur/jknappen/ec/dpi600\ecrm0600.pk> <C:\Users\Mayaank\AppData\Local\MiKTeX\fonts
/pk/ljfour/jknappen/ec/dpi600\ecbx0900.pk> <C:\Users\Mayaank\AppData\Local\MiKT
eX\fonts/pk/ljfour/jknappen/ec/dpi600\ecrm0900.pk> <C:\Users\Mayaank\AppData\Lo
cal\MiKTeX\fonts/pk/ljfour/jknappen/ec/dpi600\ecbx1000.pk> <C:\Users\Mayaank\Ap
pData\Local\MiKTeX\fonts/pk/ljfour/jknappen/ec/dpi600\ecrm1000.pk> <C:\Users\Ma
yaank\AppData\Local\MiKTeX\fonts/pk/ljfour/jknappen/ec/dpi600\ecbx1200.pk> <C:\
Users\Mayaank\AppData\Local\MiKTeX\fonts/pk/ljfour/jknappen/ec/dpi600\tcrm1095.
pk> <C:\Users\Mayaank\AppData\Local\MiKTeX\fonts/pk/ljfour/jknappen/ec/dpi600\e
cti1095.pk> <C:\Users\Mayaank\AppData\Local\MiKTeX\fonts/pk/ljfour/jknappen/ec/
dpi600\ecbx1095.pk> <C:\Users\Mayaank\AppData\Local\MiKTeX\fonts/pk/ljfour/jkna
ppen/ec/dpi600\ectt1095.pk> <C:\Users\Mayaank\AppData\Local\MiKTeX\fonts/pk/ljf
our/jknappen/ec/dpi600\ecrm1095.pk> <C:\Users\Mayaank\AppData\Local\MiKTeX\font
s/pk/ljfour/jknappen/ec/dpi600\ecbx1440.pk> <C:\Users\Mayaank\AppData\Local\MiK
TeX\fonts/pk/ljfour/jknappen/ec/dpi600\ectt1200.pk> <C:\Users\Mayaank\AppData\L
ocal\MiKTeX\fonts/pk/ljfour/jknappen/ec/dpi600\ecrm1200.pk> <C:\Users\Mayaank\A
ppData\Local\MiKTeX\fonts/pk/ljfour/jknappen/ec/dpi600\ecbx1728.pk><C:/Users/Ma
yaank/AppData/Local/Programs/MiKTeX/fonts/type1/public/amsfonts/cm/cmbx10.pfb><
C:/Users/Mayaank/AppData/Local/Programs/MiKTeX/fonts/type1/public/amsfonts/cm/c
mbx8.pfb><C:/Users/Mayaank/AppData/Local/Programs/MiKTeX/fonts/type1/public/ams
fonts/cm/cmbx9.pfb><C:/Users/Mayaank/AppData/Local/Programs/MiKTeX/fonts/type1/
public/amsfonts/cm/cmex10.pfb><C:/Users/Mayaank/AppData/Local/Programs/MiKTeX/f
onts/type1/public/amsfonts/cm/cmmi10.pfb><C:/Users/Mayaank/AppData/Local/Progra
ms/MiKTeX/fonts/type1/public/amsfonts/cm/cmmi12.pfb><C:/Users/Mayaank/AppData/L
ocal/Programs/MiKTeX/fonts/type1/public/amsfonts/cm/cmmi6.pfb><C:/Users/Mayaank
/AppData/Local/Programs/MiKTeX/fonts/type1/public/amsfonts/cm/cmmi7.pfb><C:/Use
rs/Mayaank/AppData/Local/Programs/MiKTeX/fonts/type1/public/amsfonts/cm/cmmi8.p
fb><C:/Users/Mayaank/AppData/Local/Programs/MiKTeX/fonts/type1/public/amsfonts/
cm/cmmi9.pfb><C:/Users/Mayaank/AppData/Local/Programs/MiKTeX/fonts/type1/public
/amsfonts/cm/cmr10.pfb><C:/Users/Mayaank/AppData/Local/Programs/MiKTeX/fonts/ty
pe1/public/amsfonts/cm/cmr6.pfb><C:/Users/Mayaank/AppData/Local/Programs/MiKTeX
/fonts/type1/public/amsfonts/cm/cmr7.pfb><C:/Users/Mayaank/AppData/Local/Progra
ms/MiKTeX/fonts/type1/public/amsfonts/cm/cmr8.pfb><C:/Users/Mayaank/AppData/Loc
al/Programs/MiKTeX/fonts/type1/public/amsfonts/cm/cmr9.pfb><C:/Users/Mayaank/Ap
pData/Local/Programs/MiKTeX/fonts/type1/public/amsfonts/cm/cmsy10.pfb><C:/Users
/Mayaank/AppData/Local/Programs/MiKTeX/fonts/type1/public/amsfonts/cm/cmsy5.pfb
><C:/Users/Mayaank/AppData/Local/Programs/MiKTeX/fonts/type1/public/amsfonts/cm
/cmsy6.pfb><C:/Users/Mayaank/AppData/Local/Programs/MiKTeX/fonts/type1/public/a
msfonts/cm/cmsy7.pfb><C:/Users/Mayaank/AppData/Local/Programs/MiKTeX/fonts/type
1/public/amsfonts/cm/cmsy8.pfb><C:/Users/Mayaank/AppData/Local/Programs/MiKTeX/
fonts/type1/public/amsfonts/cm/cmsy9.pfb><C:/Users/Mayaank/AppData/Local/Progra
ms/MiKTeX/fonts/type1/public/amsfonts/symbols/msbm10.pfb>
Output written on latent-diagnostics-pusht.pdf (29 pages, 1544696 bytes).
PDF statistics:
 1296 PDF objects out of 1440 (max. 8388607)
 144 named destinations out of 1000 (max. 500000)
 272 words of extra memory for PDF output out of 10000 (max. 10000000)

